=== Sun Sep 20 05:14:40 UTC 2026 ===
=== Virtual Machine Resource Monitor ===
Timestamp: Sun Sep 20 05:14:40 UTC 2026

=== Node Resource Usage ===

=== VM Pod Resource Usage ===

=== VM Status ===

=== VMI Resource Details ===
=== Storage Usage ===

=== Network Usage ===
=== Sun Sep 20 05:14:50 UTC 2026 ===
=== Virtual Machine Resource Monitor ===
Timestamp: Sun Sep 20 05:14:50 UTC 2026

=== Node Resource Usage ===

=== VM Pod Resource Usage ===

=== VM Status ===

=== VMI Resource Details ===
=== Storage Usage ===

=== Network Usage ===
=== Sun Sep 20 05:14:58 UTC 2026 ===
=== Virtual Machine Resource Monitor ===
Timestamp: Sun Sep 20 05:14:58 UTC 2026

=== Node Resource Usage ===

=== VM Pod Resource Usage ===

=== VM Status ===

=== VMI Resource Details ===
=== Storage Usage ===

=== Network Usage ===
=== Sun Sep 20 05:15:02 UTC 2026 ===
=== Virtual Machine Resource Monitor ===
Timestamp: Sun Sep 20 05:15:02 UTC 2026

=== Node Resource Usage ===

=== VM Pod Resource Usage ===

=== VM Status ===

=== VMI Resource Details ===
=== Storage Usage ===

=== Network Usage ===
=== Sun Sep 20 05:15:05 UTC 2026 ===
=== Virtual Machine Resource Monitor ===
Timestamp: Sun Sep 20 05:15:05 UTC 2026

=== Node Resource Usage ===

=== VM Pod Resource Usage ===

=== VM Status ===

=== VMI Resource Details ===
=== Storage Usage ===

=== Network Usage ===
=== Sun Sep 20 05:15:08 UTC 2026 ===
=== Virtual Machine Resource Monitor ===
Timestamp: Sun Sep 20 05:15:08 UTC 2026

=== Node Resource Usage ===

=== VM Pod Resource Usage ===

=== VM Status ===

=== VMI Resource Details ===
=== Sun Sep 20 05:15:10 UTC 2026 ===
=== Virtual Machine Resource Monitor ===
Timestamp: Sun Sep 20 05:15:10 UTC 2026

=== Node Resource Usage ===

=== VM Pod Resource Usage ===

=== VM Status ===

=== VMI Resource Details ===
=== Sun Sep 20 05:15:12 UTC 2026 ===
=== Virtual Machine Resource Monitor ===
Timestamp: Sun Sep 20 05:15:12 UTC 2026

=== Node Resource Usage ===

=== VM Pod Resource Usage ===

=== VM Status ===
=== Sun Sep 20 05:15:13 UTC 2026 ===
=== Virtual Machine Resource Monitor ===
Timestamp: Sun Sep 20 05:15:13 UTC 2026

=== Node Resource Usage ===

=== VM Pod Resource Usage ===

=== VM Status ===
=== Sun Sep 20 05:16:14 UTC 2026 ===
=== Virtual Machine Resource Monitor ===
Timestamp: Sun Sep 20 05:16:14 UTC 2026

=== Node Resource Usage ===

=== VM Pod Resource Usage ===

=== VM Status ===

=== VMI Resource Details ===
=== Storage Usage ===

=== Network Usage ===
=== Sun Sep 20 05:16:18 UTC 2026 ===
=== Virtual Machine Resource Monitor ===
Timestamp: Sun Sep 20 05:16:18 UTC 2026

=== Node Resource Usage ===

=== VM Pod Resource Usage ===

=== VM Status ===

=== VMI Resource Details ===
=== Storage Usage ===

=== Network Usage ===
=== Sun Sep 20 05:16:20 UTC 2026 ===
=== Virtual Machine Resource Monitor ===
Timestamp: Sun Sep 20 05:16:20 UTC 2026

=== Node Resource Usage ===

=== VM Pod Resource Usage ===

=== VM Status ===

=== VMI Resource Details ===
=== Storage Usage ===
=== Sun Sep 20 05:17:22 UTC 2026 ===
=== Virtual Machine Resource Monitor ===
Timestamp: Sun Sep 20 05:17:22 UTC 2026

=== Node Resource Usage ===

=== VM Pod Resource Usage ===

=== VM Status ===

=== VMI Resource Details ===
=== Storage Usage ===

=== Network Usage ===
=== Sun Sep 20 05:17:30 UTC 2026 ===
=== Virtual Machine Resource Monitor ===
Timestamp: Sun Sep 20 05:17:30 UTC 2026

=== Node Resource Usage ===

=== VM Pod Resource Usage ===

=== VM Status ===

=== VMI Resource Details ===
=== Storage Usage ===

=== Network Usage ===
=== Sun Sep 20 05:17:37 UTC 2026 ===
=== Virtual Machine Resource Monitor ===
Timestamp: Sun Sep 20 05:17:37 UTC 2026

=== Node Resource Usage ===

=== VM Pod Resource Usage ===

=== VM Status ===

=== VMI Resource Details ===
=== Storage Usage ===

=== Network Usage ===
=== Sun Sep 20 05:17:40 UTC 2026 ===
=== Virtual Machine Resource Monitor ===
Timestamp: Sun Sep 20 05:17:40 UTC 2026

=== Node Resource Usage ===

=== VM Pod Resource Usage ===

=== VM Status ===

=== VMI Resource Details ===
=== Sun Sep 20 05:17:41 UTC 2026 ===
=== Virtual Machine Resource Monitor ===
Timestamp: Sun Sep 20 05:17:41 UTC 2026

=== Node Resource Usage ===

=== VM Pod Resource Usage ===

=== VM Status ===
=== Sun Sep 20 05:18:13 UTC 2026 ===
=== Virtual Machine Resource Monitor ===
Timestamp: Sun Sep 20 05:18:13 UTC 2026

=== Node Resource Usage ===

=== VM Pod Resource Usage ===

=== VM Status ===

=== VMI Resource Details ===
=== Storage Usage ===

=== Network Usage ===
=== Sun Sep 20 05:19:14 UTC 2026 ===
=== Virtual Machine Resource Monitor ===
Timestamp: Sun Sep 20 05:19:14 UTC 2026

=== Node Resource Usage ===

=== VM Pod Resource Usage ===

=== VM Status ===

=== VMI Resource Details ===
=== Storage Usage ===

=== Network Usage ===
=== Sun Sep 20 05:20:16 UTC 2026 ===
=== Virtual Machine Resource Monitor ===
Timestamp: Sun Sep 20 05:20:16 UTC 2026

=== Node Resource Usage ===

=== VM Pod Resource Usage ===

=== VM Status ===

=== VMI Resource Details ===
=== Storage Usage ===

=== Network Usage ===
=== Sun Sep 20 05:20:20 UTC 2026 ===
=== Virtual Machine Resource Monitor ===
Timestamp: Sun Sep 20 05:20:20 UTC 2026

=== Node Resource Usage ===

=== VM Pod Resource Usage ===

=== VM Status ===

=== VMI Resource Details ===
=== Storage Usage ===

=== Network Usage ===
=== Sun Sep 20 05:20:23 UTC 2026 ===
=== Virtual Machine Resource Monitor ===
Timestamp: Sun Sep 20 05:20:23 UTC 2026

=== Node Resource Usage ===

=== VM Pod Resource Usage ===

=== VM Status ===

=== VMI Resource Details ===
=== Storage Usage ===

=== Network Usage ===
=== Sun Sep 20 05:20:25 UTC 2026 ===
=== Virtual Machine Resource Monitor ===
Timestamp: Sun Sep 20 05:20:25 UTC 2026

=== Node Resource Usage ===

=== VM Pod Resource Usage ===

=== VM Status ===
=== Sun Sep 20 05:20:26 UTC 2026 ===
=== Virtual Machine Resource Monitor ===
Timestamp: Sun Sep 20 05:20:26 UTC 2026

=== Node Resource Usage ===

=== VM Pod Resource Usage ===

=== VM Status ===
=== Sun Sep 20 05:20:27 UTC 2026 ===
=== Virtual Machine Resource Monitor ===
Timestamp: Sun Sep 20 05:20:27 UTC 2026

=== Node Resource Usage ===

=== VM Pod Resource Usage ===

=== VM Status ===
=== Sun Sep 20 05:21:28 UTC 2026 ===
=== Virtual Machine Resource Monitor ===
Timestamp: Sun Sep 20 05:21:28 UTC 2026

=== Node Resource Usage ===

=== VM Pod Resource Usage ===

=== VM Status ===

=== VMI Resource Details ===
=== Storage Usage ===

=== Network Usage ===
=== Sun Sep 20 05:21:33 UTC 2026 ===
=== Virtual Machine Resource Monitor ===
Timestamp: Sun Sep 20 05:21:33 UTC 2026

=== Node Resource Usage ===

=== VM Pod Resource Usage ===

=== VM Status ===

=== VMI Resource Details ===
=== Storage Usage ===
=== Sun Sep 20 05:21:35 UTC 2026 ===
=== Virtual Machine Resource Monitor ===
Timestamp: Sun Sep 20 05:21:35 UTC 2026

=== Node Resource Usage ===

=== VM Pod Resource Usage ===

=== VM Status ===
=== Sun Sep 20 05:21:37 UTC 2026 ===
=== Virtual Machine Resource Monitor ===
Timestamp: Sun Sep 20 05:21:37 UTC 2026

=== Node Resource Usage ===

=== VM Pod Resource Usage ===

=== VM Status ===
=== Sun Sep 20 05:21:38 UTC 2026 ===
=== Virtual Machine Resource Monitor ===
Timestamp: Sun Sep 20 05:21:38 UTC 2026

=== Node Resource Usage ===

=== VM Pod Resource Usage ===
=== Sun Sep 20 05:21:39 UTC 2026 ===
=== Virtual Machine Resource Monitor ===
Timestamp: Sun Sep 20 05:21:39 UTC 2026

=== Node Resource Usage ===

=== VM Pod Resource Usage ===
=== Sun Sep 20 05:21:40 UTC 2026 ===
=== Virtual Machine Resource Monitor ===
Timestamp: Sun Sep 20 05:21:40 UTC 2026

=== Node Resource Usage ===

=== VM Pod Resource Usage ===
=== Sun Sep 20 05:21:41 UTC 2026 ===
=== Virtual Machine Resource Monitor ===
Timestamp: Sun Sep 20 05:21:41 UTC 2026

=== Node Resource Usage ===
=== Sun Sep 20 05:21:41 UTC 2026 ===
=== Virtual Machine Resource Monitor ===
Timestamp: Sun Sep 20 05:21:41 UTC 2026

=== Node Resource Usage ===
=== Sun Sep 20 05:21:41 UTC 2026 ===
=== Virtual Machine Resource Monitor ===
Timestamp: Sun Sep 20 05:21:41 UTC 2026

=== Node Resource Usage ===
=== Sun Sep 20 05:21:42 UTC 2026 ===
=== Virtual Machine Resource Monitor ===
Timestamp: Sun Sep 20 05:21:42 UTC 2026

=== Node Resource Usage ===
